relation
	head
		atom
			identifier = f
	body
		atom
			identifier = a